{
  "list": [
    {
      "country": "$ref-CountryWsDTO",
      "email": "string"
    }
  ],
  "items": [
    "$ref-ImageDTO"
  ],
  "parameters": {
    "additional": "string"
  }
}