{
  "code": "string",
  "name": "string",
  "value": "string"
}