{
	"success": true,
	"currentPage": 12,
	"productCode": "31221"
}
