{
  "errors": [
    {
      "message": "Unauthorized",
      "type": "ConversionError"
    }
  ]
}