

{"success":true,"productCode":1,"productCodeDynamic":"1","productData":{}}